
Discarded input sections

 .debug_info    0x0000000000000000     0x3c1c C:/Users/victim/source/repos/Paranyok/UEFI/Backend/gnu-efi-3.0.18/lib/misc.o
 .debug_abbrev  0x0000000000000000      0x3c6 C:/Users/victim/source/repos/Paranyok/UEFI/Backend/gnu-efi-3.0.18/lib/misc.o
 .debug_loclists
                0x0000000000000000      0xa70 C:/Users/victim/source/repos/Paranyok/UEFI/Backend/gnu-efi-3.0.18/lib/misc.o
 .debug_aranges
                0x0000000000000000       0x30 C:/Users/victim/source/repos/Paranyok/UEFI/Backend/gnu-efi-3.0.18/lib/misc.o
 .debug_macro   0x0000000000000000    0x13668 C:/Users/victim/source/repos/Paranyok/UEFI/Backend/gnu-efi-3.0.18/lib/misc.o
 .debug_line    0x0000000000000000      0x7f2 C:/Users/victim/source/repos/Paranyok/UEFI/Backend/gnu-efi-3.0.18/lib/misc.o
 .debug_str     0x0000000000000000       0x98 C:/Users/victim/source/repos/Paranyok/UEFI/Backend/gnu-efi-3.0.18/lib/misc.o
 .debug_line_str
                0x0000000000000000      0x442 C:/Users/victim/source/repos/Paranyok/UEFI/Backend/gnu-efi-3.0.18/lib/misc.o
 .debug_frame   0x0000000000000000      0x410 C:/Users/victim/source/repos/Paranyok/UEFI/Backend/gnu-efi-3.0.18/lib/misc.o
 .debug_info    0x0000000000000000     0x43d6 C:/Users/victim/source/repos/Paranyok/UEFI/Backend/gnu-efi-3.0.18/lib/print.o
 .debug_abbrev  0x0000000000000000      0x3fa C:/Users/victim/source/repos/Paranyok/UEFI/Backend/gnu-efi-3.0.18/lib/print.o
 .debug_loclists
                0x0000000000000000      0xe69 C:/Users/victim/source/repos/Paranyok/UEFI/Backend/gnu-efi-3.0.18/lib/print.o
 .debug_aranges
                0x0000000000000000       0x30 C:/Users/victim/source/repos/Paranyok/UEFI/Backend/gnu-efi-3.0.18/lib/print.o
 .debug_macro   0x0000000000000000    0x136b5 C:/Users/victim/source/repos/Paranyok/UEFI/Backend/gnu-efi-3.0.18/lib/print.o
 .debug_line    0x0000000000000000     0x10ad C:/Users/victim/source/repos/Paranyok/UEFI/Backend/gnu-efi-3.0.18/lib/print.o
 .debug_str     0x0000000000000000       0x53 C:/Users/victim/source/repos/Paranyok/UEFI/Backend/gnu-efi-3.0.18/lib/print.o
 .debug_line_str
                0x0000000000000000      0x445 C:/Users/victim/source/repos/Paranyok/UEFI/Backend/gnu-efi-3.0.18/lib/print.o
 .rdata$.refptr.ST
                0x0000000000000000       0x10 C:/Users/victim/source/repos/Paranyok/UEFI/Backend/gnu-efi-3.0.18/lib/print.o
 .debug_frame   0x0000000000000000      0x610 C:/Users/victim/source/repos/Paranyok/UEFI/Backend/gnu-efi-3.0.18/lib/print.o
 .debug_info    0x0000000000000000      0xc25 C:/Users/victim/source/repos/Paranyok/UEFI/Backend/gnu-efi-3.0.18/lib/smbios.o
 .debug_abbrev  0x0000000000000000      0x193 C:/Users/victim/source/repos/Paranyok/UEFI/Backend/gnu-efi-3.0.18/lib/smbios.o
 .debug_loclists
                0x0000000000000000       0xda C:/Users/victim/source/repos/Paranyok/UEFI/Backend/gnu-efi-3.0.18/lib/smbios.o
 .debug_aranges
                0x0000000000000000       0x30 C:/Users/victim/source/repos/Paranyok/UEFI/Backend/gnu-efi-3.0.18/lib/smbios.o
 .debug_macro   0x0000000000000000    0x13668 C:/Users/victim/source/repos/Paranyok/UEFI/Backend/gnu-efi-3.0.18/lib/smbios.o
 .debug_line    0x0000000000000000      0x28a C:/Users/victim/source/repos/Paranyok/UEFI/Backend/gnu-efi-3.0.18/lib/smbios.o
 .debug_str     0x0000000000000000       0x2e C:/Users/victim/source/repos/Paranyok/UEFI/Backend/gnu-efi-3.0.18/lib/smbios.o
 .debug_line_str
                0x0000000000000000      0x448 C:/Users/victim/source/repos/Paranyok/UEFI/Backend/gnu-efi-3.0.18/lib/smbios.o
 .debug_frame   0x0000000000000000       0x78 C:/Users/victim/source/repos/Paranyok/UEFI/Backend/gnu-efi-3.0.18/lib/smbios.o
 .debug_info    0x0000000000000000     0x2400 C:/Users/victim/source/repos/Paranyok/UEFI/Backend/gnu-efi-3.0.18/lib/sread.o
 .debug_abbrev  0x0000000000000000      0x355 C:/Users/victim/source/repos/Paranyok/UEFI/Backend/gnu-efi-3.0.18/lib/sread.o
 .debug_loclists
                0x0000000000000000      0x30b C:/Users/victim/source/repos/Paranyok/UEFI/Backend/gnu-efi-3.0.18/lib/sread.o
 .debug_aranges
                0x0000000000000000       0x30 C:/Users/victim/source/repos/Paranyok/UEFI/Backend/gnu-efi-3.0.18/lib/sread.o
 .debug_macro   0x0000000000000000    0x136a2 C:/Users/victim/source/repos/Paranyok/UEFI/Backend/gnu-efi-3.0.18/lib/sread.o
 .debug_line    0x0000000000000000      0x445 C:/Users/victim/source/repos/Paranyok/UEFI/Backend/gnu-efi-3.0.18/lib/sread.o
 .debug_str     0x0000000000000000       0x5a C:/Users/victim/source/repos/Paranyok/UEFI/Backend/gnu-efi-3.0.18/lib/sread.o
 .debug_line_str
                0x0000000000000000      0x445 C:/Users/victim/source/repos/Paranyok/UEFI/Backend/gnu-efi-3.0.18/lib/sread.o
 .rdata$.refptr.BS
                0x0000000000000000       0x10 C:/Users/victim/source/repos/Paranyok/UEFI/Backend/gnu-efi-3.0.18/lib/sread.o
 .debug_frame   0x0000000000000000       0xf8 C:/Users/victim/source/repos/Paranyok/UEFI/Backend/gnu-efi-3.0.18/lib/sread.o
[...]
Memory Configuration

Name             Origin             Length             Attributes
*default*        0x0000000000000000 0xffffffffffffffff

Linker script and memory map

                0x00000003b12d0000                __image_base__ = 0x3b12d0000
                0x0000000000000001                __dll__ = 0x1
                0x00000003b12d0000                __ImageBase = 0x3b12d0000
                0x0000000000001000                __section_alignment__ = 0x1000
                0x0000000000000200                __file_alignment__ = 0x200
                0x0000000000000004                __major_os_version__ = 0x4
                0x0000000000000000                __minor_os_version__ = 0x0
                0x0000000000000000                __major_image_version__ = 0x0
                0x0000000000000000                __minor_image_version__ = 0x0
                0x0000000000000005                __major_subsystem_version__ = 0x5
                0x0000000000000002                __minor_subsystem_version__ = 0x2
                0x000000000000000a                __subsystem__ = 0xa
                0x0000000000200000                __size_of_stack_reserve__ = 0x200000
                0x0000000000001000                __size_of_stack_commit__ = 0x1000
                0x0000000000100000                __size_of_heap_reserve__ = 0x100000
                0x0000000000001000                __size_of_heap_commit__ = 0x1000
                0x0000000000000000                __loader_flags__ = 0x0
                0x0000000000000160                __dll_characteristics__ = 0x160
LOAD C:/Users/victim/source/repos/Paranyok/UEFI/Backend/gnu-efi-3.0.18/lib/misc.o
LOAD C:/Users/victim/source/repos/Paranyok/UEFI/Backend/gnu-efi-3.0.18/lib/print.o
LOAD C:/Users/victim/source/repos/Paranyok/UEFI/Backend/gnu-efi-3.0.18/lib/smbios.o
LOAD C:/Users/victim/source/repos/Paranyok/UEFI/Backend/gnu-efi-3.0.18/lib/sread.o
LOAD C:/Users/victim/source/repos/Paranyok/UEFI/Backend/gnu-efi-3.0.18/lib/str.o
LOAD C:/Users/victim/source/repos/Paranyok/UEFI/Backend/gnu-efi-3.0.18/lib/boxdraw.o
LOAD C:/Users/victim/source/repos/Paranyok/UEFI/Backend/gnu-efi-3.0.18/lib/cmdline.o
LOAD C:/Users/victim/source/repos/Paranyok/UEFI/Backend/gnu-efi-3.0.18/lib/console.o
LOAD C:/Users/victim/source/repos/Paranyok/UEFI/Backend/gnu-efi-3.0.18/lib/crc.o
LOAD C:/Users/victim/source/repos/Paranyok/UEFI/Backend/gnu-efi-3.0.18/lib/data.o
LOAD C:/Users/victim/source/repos/Paranyok/UEFI/Backend/gnu-efi-3.0.18/lib/debug.o
LOAD C:/Users/victim/source/repos/Paranyok/UEFI/Backend/gnu-efi-3.0.18/lib/dpath.o
LOAD C:/Users/victim/source/repos/Paranyok/UEFI/Backend/gnu-efi-3.0.18/lib/error.o
LOAD C:/Users/victim/source/repos/Paranyok/UEFI/Backend/gnu-efi-3.0.18/lib/event.o
LOAD C:/Users/victim/source/repos/Paranyok/UEFI/Backend/gnu-efi-3.0.18/lib/exit.o
LOAD C:/Users/victim/source/repos/Paranyok/UEFI/Backend/gnu-efi-3.0.18/lib/guid.o
LOAD C:/Users/victim/source/repos/Paranyok/UEFI/Backend/gnu-efi-3.0.18/lib/hand.o
LOAD C:/Users/victim/source/repos/Paranyok/UEFI/Backend/gnu-efi-3.0.18/lib/hw.o
LOAD C:/Users/victim/source/repos/Paranyok/UEFI/Backend/gnu-efi-3.0.18/lib/init.o
LOAD C:/Users/victim/source/repos/Paranyok/UEFI/Backend/gnu-efi-3.0.18/lib/lock.o
LOAD C:/Users/victim/source/repos/Paranyok/UEFI/Backend/gnu-efi-3.0.18/lib/x86_64/callwrap.o
LOAD C:/Users/victim/source/repos/Paranyok/UEFI/Backend/gnu-efi-3.0.18/lib/x86_64/efi_stub.o
LOAD C:/Users/victim/source/repos/Paranyok/UEFI/Backend/gnu-efi-3.0.18/lib/x86_64/initplat.o
LOAD C:/Users/victim/source/repos/Paranyok/UEFI/Backend/gnu-efi-3.0.18/lib/x86_64/math.o
LOAD C:/Users/victim/source/repos/Paranyok/UEFI/Backend/gnu-efi-3.0.18/lib/x86_64/setjmp.o
LOAD C:/Users/victim/source/repos/Paranyok/UEFI/Backend/gnu-efi-3.0.18/lib/runtime/efirtlib.o
LOAD C:/Users/victim/source/repos/Paranyok/UEFI/Backend/gnu-efi-3.0.18/lib/runtime/rtdata.o
LOAD C:/Users/victim/source/repos/Paranyok/UEFI/Backend/gnu-efi-3.0.18/lib/runtime/rtlock.o
LOAD C:/Users/victim/source/repos/Paranyok/UEFI/Backend/gnu-efi-3.0.18/lib/runtime/rtstr.o
LOAD C:/Users/victim/source/repos/Paranyok/UEFI/Backend/gnu-efi-3.0.18/lib/runtime/vm.o
LOAD C:/Users/victim/source/repos/Paranyok/UEFI/Backend/bootmgfw.o
                0x00000000000002f0                . = SIZEOF_HEADERS
                0x0000000000001000                . = ALIGN (__section_alignment__)

.text           0x00000003b12d1000     0x6800
 *(SORT_NONE(.init))
 *(.text)
 .text          0x00000003b12d1000      0x820 C:/Users/victim/source/repos/Paranyok/UEFI/Backend/gnu-efi-3.0.18/lib/misc.o
                0x00000003b12d1000                AllocatePool
                0x00000003b12d103c                FreePool
                0x00000003b12d1053                ZeroMem
                0x00000003b12d1062                AllocateZeroPool
                0x00000003b12d108d                SetMem
                0x00000003b12d10a0                CopyMem
                0x00000003b12d10af                ReallocatePool
                0x00000003b12d110a                CompareMem
                0x00000003b12d1118                GrowBuffer
                0x00000003b12d11b9                LibMemoryMap
                0x00000003b12d1253                LibGetVariableAndSize
                0x00000003b12d12ee                LibGetVariable
                0x00000003b12d1301                LibDeleteVariable
                0x00000003b12d1368                LibSetNVVariable
                0x00000003b12d138f                LibSetVariable
                0x00000003b12d13b6                LibInsertToTailOfBootOrder
                0x00000003b12d14be                ValidMBR
                0x00000003b12d16ab                DecimaltoBCD
                0x00000003b12d16bc                BCDtoDecimal
                0x00000003b12d16cd                LibGetSystemConfigurationTable
                0x00000003b12d1741                LibGetUiString
 .text          0x00000003b12d1820     0x13e0 C:/Users/victim/source/repos/Paranyok/UEFI/Backend/gnu-efi-3.0.18/lib/print.o
                0x00000003b12d1820                _SPrint
                0x00000003b12d189c                _PoolPrint
                0x00000003b12d190d                IsLocalPrint
                0x00000003b12d194c                _DbgOut
                0x00000003b12d198e                PFLUSH
                0x00000003b12d19d6                PSETATTR
                0x00000003b12d1a0c                PPUTC
                0x00000003b12d1a5f                PGETC
                0x00000003b12d1a90                PITEM
                0x00000003b12d1b9c                ValueToHex
                0x00000003b12d1c25                ValueToString
                0x00000003b12d1d23                FloatToString
                0x00000003b12d1df8                TimeToString
                0x00000003b12d1eaf                _Print
                0x00000003b12d249f                DbgPrint
                0x00000003b12d260a                _PoolCatPrint
                0x00000003b12d2666                UnicodeVSPrint
                0x00000003b12d26ab                UnicodeSPrint
                0x00000003b12d26c8                VPoolPrint
                0x00000003b12d2709                PoolPrint
                0x00000003b12d2730                AsciiVSPrint
                0x00000003b12d27d1                CatPrint
                0x00000003b12d2808                _IPrint
                0x00000003b12d28dd                Print
                0x00000003b12d2931                VPrint
                0x00000003b12d296c                PrintAt
                0x00000003b12d29ab                IPrint
                0x00000003b12d29ef                IPrintAt
                0x00000003b12d2a21                AsciiPrint
                0x00000003b12d2a74                DumpHex
 .text          0x00000003b12d2c00      0x130 C:/Users/victim/source/repos/Paranyok/UEFI/Backend/gnu-efi-3.0.18/lib/smbios.o
                0x00000003b12d2c00                LibGetSmbiosString
                0x00000003b12d2c5c                LibGetSmbiosSystemGuidAndSerialNumber
 .text          0x00000003b12d2d30      0x3d0 C:/Users/victim/source/repos/Paranyok/UEFI/Backend/gnu-efi-3.0.18/lib/sread.o
                0x00000003b12d2d30                OpenSimpleReadFile
                0x00000003b12d3044                ReadSimpleReadFile
                0x00000003b12d30ba                CloseSimpleReadFile
 .text          0x00000003b12d3100      0x4c0 C:/Users/victim/source/repos/Paranyok/UEFI/Backend/gnu-efi-3.0.18/lib/str.o
                0x00000003b12d3100                StrCmp
                0x00000003b12d310e                StrnCmp
                0x00000003b12d3145                LibStubStriCmp
                0x00000003b12d3159                LibStubStrLwrUpr
                0x00000003b12d315a                StriCmp
                0x00000003b12d318b                StrLwr
                0x00000003b12d31b9                StrUpr
                0x00000003b12d31e7                StrCpy
                0x00000003b12d31f6                StrnCpy
                0x00000003b12d3205                StpCpy
                0x00000003b12d3213                StpnCpy
                0x00000003b12d3221                StrCat
                0x00000003b12d3230                StrnCat
                0x00000003b12d323f                StrnLen
                0x00000003b12d324d                StrLen
                0x00000003b12d325b                StrSize
                0x00000003b12d3269                StrDuplicate
                0x00000003b12d32a4                strlena
                0x00000003b12d32be                strcmpa
                0x00000003b12d32de                strncmpa
                0x00000003b12d3315                xtoi
                0x00000003b12d338d                Atoi
                0x00000003b12d33e8                MetaMatch
                0x00000003b12d353b                LibStubMetaiMatch
                0x00000003b12d354f                MetaiMatch
 .text          0x00000003b12d35c0       0x90 C:/Users/victim/source/repos/Paranyok/UEFI/Backend/gnu-efi-3.0.18/lib/boxdraw.o
                0x00000003b12d35c0                LibIsValidTextGraphics
                0x00000003b12d3620                IsValidAscii
                0x00000003b12d3636                IsValidEfiCntlChar
 .text          0x00000003b12d3650      0x200 C:/Users/victim/source/repos/Paranyok/UEFI/Backend/gnu-efi-3.0.18/lib/cmdline.o
                0x00000003b12d3784                GetShellArgcArgv
 .text          0x00000003b12d3850      0x110 C:/Users/victim/source/repos/Paranyok/UEFI/Backend/gnu-efi-3.0.18/lib/console.o
                0x00000003b12d3850                Output
                0x00000003b12d3871                IInput
                0x00000003b12d392c                Input
 *fill*         0x00000003b12d3960       0x20 
 .text          0x00000003b12d3980      0x140 C:/Users/victim/source/repos/Paranyok/UEFI/Backend/gnu-efi-3.0.18/lib/crc.o
                0x00000003b12d3980                CalculateCrc
                0x00000003b12d39ea                SetCrcAltSize
                0x00000003b12d3a0d                SetCrc
                0x00000003b12d3a22                CheckCrcAltSize
                0x00000003b12d3a71                CheckCrc
 .text          0x00000003b12d3ac0        0x0 C:/Users/victim/source/repos/Paranyok/UEFI/Backend/gnu-efi-3.0.18/lib/data.o
 .text          0x00000003b12d3ac0       0x30 C:/Users/victim/source/repos/Paranyok/UEFI/Backend/gnu-efi-3.0.18/lib/debug.o
                0x00000003b12d3ac0                DbgAssert
 *fill*         0x00000003b12d3af0       0x10 
 .text          0x00000003b12d3b00     0x1400 C:/Users/victim/source/repos/Paranyok/UEFI/Backend/gnu-efi-3.0.18/lib/dpath.o
                0x00000003b12d46be                DevicePathFromHandle
                0x00000003b12d46f8                DevicePathInstance
                0x00000003b12d4784                DevicePathInstanceCount
                0x00000003b12d47b6                DevicePathSize
                0x00000003b12d47ee                DuplicateDevicePath
                0x00000003b12d4829                AppendDevicePath
                0x00000003b12d4913                AppendDevicePathNode
                0x00000003b12d4998                FileDevicePath
                0x00000003b12d4a38                UnpackDevicePath
                0x00000003b12d4b4f                AppendDevicePathInstance
                0x00000003b12d4c10                LibDevicePathToInterface
                0x00000003b12d4c9a                DevicePathToStr
                0x00000003b12d4df4                LibMatchDevicePaths
                0x00000003b12d4e52                LibDuplicateDevicePathInstance
 .text          0x00000003b12d4f00       0xc0 C:/Users/victim/source/repos/Paranyok/UEFI/Backend/gnu-efi-3.0.18/lib/error.o
                0x00000003b12d4f00                StatusToString
 .text          0x00000003b12d4fc0      0x200 C:/Users/victim/source/repos/Paranyok/UEFI/Backend/gnu-efi-3.0.18/lib/event.o
                0x00000003b12d4fc0                LibCreateProtocolNotifyEvent
                0x00000003b12d5039                WaitForSingleEvent
                0x00000003b12d5121                WaitForEventWithTimeout
 .text          0x00000003b12d51c0       0x30 C:/Users/victim/source/repos/Paranyok/UEFI/Backend/gnu-efi-3.0.18/lib/exit.o
                0x00000003b12d51c0                Exit
 .text          0x00000003b12d51f0       0xe0 C:/Users/victim/source/repos/Paranyok/UEFI/Backend/gnu-efi-3.0.18/lib/guid.o
                0x00000003b12d51f0                InitializeGuid
                0x00000003b12d51f1                CompareGuid
                0x00000003b12d51ff                GuidToString
 *fill*         0x00000003b12d52d0       0x30 
 .text          0x00000003b12d5300      0x880 C:/Users/victim/source/repos/Paranyok/UEFI/Backend/gnu-efi-3.0.18/lib/hand.o
                0x00000003b12d5300                LibLocateHandle
                0x00000003b12d53aa                LibLocateProtocol
                0x00000003b12d543d                LibLocateHandleByDiskSignature
                0x00000003b12d576b                LibOpenRoot
                0x00000003b12d57bd                LibFileInfo
                0x00000003b12d5821                LibFileSystemInfo
                0x00000003b12d5885                LibFileSystemVolumeLabelInfo
                0x00000003b12d58e9                LibInstallProtocolInterfaces
                0x00000003b12d59f4                LibUninstallProtocolInterfaces
                0x00000003b12d5a58                LibReinstallProtocolInterfaces
 .text          0x00000003b12d5b80      0x110 C:/Users/victim/source/repos/Paranyok/UEFI/Backend/gnu-efi-3.0.18/lib/hw.o
                0x00000003b12d5b80                InitializeGlobalIoDevice
                0x00000003b12d5c06                ReadPort
                0x00000003b12d5c26                WritePort
                0x00000003b12d5c4b                ReadPciConfig
                0x00000003b12d5c6b                WritePciConfig
 *fill*         0x00000003b12d5c90       0x10 
 .text          0x00000003b12d5ca0      0x280 C:/Users/victim/source/repos/Paranyok/UEFI/Backend/gnu-efi-3.0.18/lib/init.o
                0x00000003b12d5ca0                InitializeUnicodeSupport
                0x00000003b12d5d85                EFIDebugVariable
                0x00000003b12d5ddd                InitializeLib
                0x00000003b12d5ec7                memset
                0x00000003b12d5ef4                memcpy
 .text          0x00000003b12d5f20       0x40 C:/Users/victim/source/repos/Paranyok/UEFI/Backend/gnu-efi-3.0.18/lib/lock.o
                0x00000003b12d5f20                InitializeLock
                0x00000003b12d5f34                AcquireLock
                0x00000003b12d5f43                ReleaseLock
 .text          0x00000003b12d5f60        0x0 C:/Users/victim/source/repos/Paranyok/UEFI/Backend/gnu-efi-3.0.18/lib/x86_64/callwrap.o
 .text          0x00000003b12d5f60      0x180 C:/Users/victim/source/repos/Paranyok/UEFI/Backend/gnu-efi-3.0.18/lib/x86_64/efi_stub.o
                0x00000003b12d5f60                efi_call0
                0x00000003b12d5f6b                efi_call1
                0x00000003b12d5f79                efi_call2
                0x00000003b12d5f87                efi_call3
                0x00000003b12d5f98                efi_call4
                0x00000003b12d5fac                efi_call5
                0x00000003b12d5fc5                efi_call6
                0x00000003b12d5fe8                efi_call7
                0x00000003b12d6015                efi_call8
                0x00000003b12d604c                efi_call9
                0x00000003b12d608d                efi_call10
 .text          0x00000003b12d60e0       0x10 C:/Users/victim/source/repos/Paranyok/UEFI/Backend/gnu-efi-3.0.18/lib/x86_64/initplat.o
                0x00000003b12d60e0                InitializeLibPlatform
 .text          0x00000003b12d60f0       0x40 C:/Users/victim/source/repos/Paranyok/UEFI/Backend/gnu-efi-3.0.18/lib/x86_64/math.o
                0x00000003b12d60f0                LShiftU64
                0x00000003b12d60f9                RShiftU64
                0x00000003b12d6102                MultU64x32
                0x00000003b12d610a                DivU64x32
 .text          0x00000003b12d6130       0x60 C:/Users/victim/source/repos/Paranyok/UEFI/Backend/gnu-efi-3.0.18/lib/x86_64/setjmp.o
                0x00000003b12d6130                setjmp
                0x00000003b12d6155                longjmp
 *fill*         0x00000003b12d6190       0x10 
 .text          0x00000003b12d61a0      0x120 C:/Users/victim/source/repos/Paranyok/UEFI/Backend/gnu-efi-3.0.18/lib/runtime/efirtlib.o
                0x00000003b12d61a0                RtZeroMem
                0x00000003b12d61d4                RtSetMem
                0x00000003b12d61f4                RtCopyMem
                0x00000003b12d625c                RtCompareMem
                0x00000003b12d6294                RtCompareGuid
 .text          0x00000003b12d62c0        0x0 C:/Users/victim/source/repos/Paranyok/UEFI/Backend/gnu-efi-3.0.18/lib/runtime/rtdata.o
 .text          0x00000003b12d62c0       0xb0 C:/Users/victim/source/repos/Paranyok/UEFI/Backend/gnu-efi-3.0.18/lib/runtime/rtlock.o
                0x00000003b12d62c0                RtAcquireLock
                0x00000003b12d6315                RtReleaseLock
 *fill*         0x00000003b12d6370       0x10 
 .text          0x00000003b12d6380      0x260 C:/Users/victim/source/repos/Paranyok/UEFI/Backend/gnu-efi-3.0.18/lib/runtime/rtstr.o
                0x00000003b12d6380                RtStrCmp
                0x00000003b12d63c0                RtStrCpy
                0x00000003b12d63f9                RtStpCpy
                0x00000003b12d6419                RtStrLen
                0x00000003b12d642f                RtStrCat
                0x00000003b12d6454                RtStrnLen
                0x00000003b12d6474                RtStrnCpy
                0x00000003b12d64ca                RtStpnCpy
                0x00000003b12d6524                RtStrnCat
                0x00000003b12d656d                RtStrSize
                0x00000003b12d6594                RtBCDtoDecimal
                0x00000003b12d65ad                RtDecimaltoBCD
 .text          0x00000003b12d65e0       0xc0 C:/Users/victim/source/repos/Paranyok/UEFI/Backend/gnu-efi-3.0.18/lib/runtime/vm.o
                0x00000003b12d65e0                RtLibEnableVirtualMappings
                0x00000003b12d6637                RtConvertList
 .text          0x00000003b12d66a0      0xfc0 C:/Users/victim/source/repos/Paranyok/UEFI/Backend/bootmgfw.o
                0x00000003b12d66a0                fabs
                0x00000003b12d66b5                Sin
                0x00000003b12d677a                my_rand
                0x00000003b12d6795                delay
                0x00000003b12d67dd                random_color
                0x00000003b12d68dc                rotating_characters_all_colors
                0x00000003b12d6aa5                complex_blur
                0x00000003b12d6bac                pixel_rain
                0x00000003b12d6c3b                wave_animation
                0x00000003b12d6d0a                text_explosion
                0x00000003b12d6db5                fading_text
                0x00000003b12d6e25                grid_animation
                0x00000003b12d6eb1                matrix_text_fall
                0x00000003b12d6f70                color_shifting
                0x00000003b12d6fce                flickering_text
                0x00000003b12d7048                flashing_borders
                0x00000003b12d713e                random_patterns_symbols
                0x00000003b12d7239                play_beep
                0x00000003b12d727d                dramatic_sound_effects
                0x00000003b12d73ee                efi_main
 *(SORT_BY_NAME(.text$*))
 *(.text.*)
 *(.gnu.linkonce.t.*)
 *(.glue_7t)
 *(.glue_7)
                0x00000003b12d7660                . = ALIGN (0x8)
                0x00000003b12d7660                ___CTOR_LIST__ = .
                0x00000003b12d7660                __CTOR_LIST__ = .
                0x00000003b12d7660        0x4 LONG 0xffffffffffffffff
                0x00000003b12d7664        0x4 LONG 0xffffffffffffffff
 *(.ctors)
 *(.ctor)
 *(SORT_BY_NAME(.ctors.*))
                0x00000003b12d7668        0x4 LONG 0x0
                0x00000003b12d766c        0x4 LONG 0x0
                0x00000003b12d7670                ___DTOR_LIST__ = .
                0x00000003b12d7670                __DTOR_LIST__ = .
                0x00000003b12d7670        0x4 LONG 0xffffffffffffffff
                0x00000003b12d7674        0x4 LONG 0xffffffffffffffff
 *(.dtors)
 *(.dtor)
 *(SORT_BY_NAME(.dtors.*))
                0x00000003b12d7678        0x4 LONG 0x0
                0x00000003b12d767c        0x4 LONG 0x0
 *(SORT_NONE(.fini))
 *(.gcc_exc)
                [!provide]                        PROVIDE (etext = .)
 *(.gcc_except_table)

.data           0x00000003b12d8000     0x1000
                0x00000003b12d8000                __data_start__ = .
 *(.data)
 .data          0x00000003b12d8000        0x0 C:/Users/victim/source/repos/Paranyok/UEFI/Backend/gnu-efi-3.0.18/lib/misc.o
 .data          0x00000003b12d8000       0x10 C:/Users/victim/source/repos/Paranyok/UEFI/Backend/gnu-efi-3.0.18/lib/print.o
                0x00000003b12d8000                Hex
 .data          0x00000003b12d8010        0x0 C:/Users/victim/source/repos/Paranyok/UEFI/Backend/gnu-efi-3.0.18/lib/smbios.o
 .data          0x00000003b12d8010        0x0 C:/Users/victim/source/repos/Paranyok/UEFI/Backend/gnu-efi-3.0.18/lib/sread.o
 .data          0x00000003b12d8010        0x0 C:/Users/victim/source/repos/Paranyok/UEFI/Backend/gnu-efi-3.0.18/lib/str.o
 *fill*         0x00000003b12d8010       0x10 
 .data          0x00000003b12d8020       0xe0 C:/Users/victim/source/repos/Paranyok/UEFI/Backend/gnu-efi-3.0.18/lib/boxdraw.o
                0x00000003b12d8020                UnicodeToPcAnsiOrAscii
 .data          0x00000003b12d8100        0x0 C:/Users/victim/source/repos/Paranyok/UEFI/Backend/gnu-efi-3.0.18/lib/cmdline.o
 .data          0x00000003b12d8100        0x0 C:/Users/victim/source/repos/Paranyok/UEFI/Backend/gnu-efi-3.0.18/lib/console.o
 .data          0x00000003b12d8100      0x400 C:/Users/victim/source/repos/Paranyok/UEFI/Backend/gnu-efi-3.0.18/lib/crc.o
                0x00000003b12d8100                CRCTable
 .data          0x00000003b12d8500      0x500 C:/Users/victim/source/repos/Paranyok/UEFI/Backend/gnu-efi-3.0.18/lib/data.o
                0x00000003b12d8500                ShellDynamicCommandProtocolGuid
                0x00000003b12d8510                ShellParametersProtocolGuid
                0x00000003b12d8520                ShellProtocolGuid
                0x00000003b12d8530                SimpleTextInputExProtocol
                0x00000003b12d8540                gEfiDebugSupportProtocolGuid
                0x00000003b12d8550                gEfiDebugImageInfoTableGuid
                0x00000003b12d8560                AbsolutePointerProtocol
                0x00000003b12d8570                SimplePointerProtocol
                0x00000003b12d8580                Tcp4Protocol
                0x00000003b12d8590                Tcp4ServiceBindingProtocol
                0x00000003b12d85a0                Udp4Protocol
                0x00000003b12d85b0                Udp4ServiceBindingProtocol
                0x00000003b12d85c0                Ip4Protocol
                0x00000003b12d85d0                Ip4ServiceBindingProtocol
                0x00000003b12d85e0                EfiDtbTableGuid
                0x00000003b12d85f0                SalSystemTableGuid
                0x00000003b12d8600                SMBIOS3TableGuid
                0x00000003b12d8610                SMBIOSTableGuid
                0x00000003b12d8620                AcpiTableGuid
                0x00000003b12d8630                MpsTableGuid
                0x00000003b12d8640                UnknownDevice
                0x00000003b12d8650                EfiPartTypeLegacyMbrGuid
                0x00000003b12d8660                EfiPartTypeSystemPartitionGuid
                0x00000003b12d8670                gEfiVTUTF8Guid
                0x00000003b12d8680                gEfiVT100PlusGuid
                0x00000003b12d8690                gEfiVT100Guid
                0x00000003b12d86a0                gEfiPcAnsiGuid
                0x00000003b12d86b0                AdapterDebugProtocol
                0x00000003b12d86c0                gEfiEdidOverrideProtocolGuid
                0x00000003b12d86d0                gEfiEdidActiveProtocolGuid
                0x00000003b12d86e0                gEfiEdidDiscoveredProtocolGuid
                0x00000003b12d86f0                gEfiGraphicsOutputProtocolGuid
                0x00000003b12d8700                TextInSpliterProtocol
                0x00000003b12d8710                ErrorOutSpliterProtocol
                0x00000003b12d8720                TextOutSpliterProtocol
                0x00000003b12d8730                VgaClassProtocol
                0x00000003b12d8740                LegacyBootProtocol
                0x00000003b12d8750                VariableStoreProtocol
                0x00000003b12d8760                InternalShellProtocol
                0x00000003b12d8770                gEfiFileSystemVolumeLabelInfoIdGuid
                0x00000003b12d8780                gEfiFileSystemInfoGuid
                0x00000003b12d8790                gEfiFileInfoGuid
                0x00000003b12d87a0                gEfiEbcProtocolGuid
                0x00000003b12d87b0                gEfiDriverFamilyOverrideProtocolGuid
                0x00000003b12d87c0                gEfiBusSpecificDriverOverrideProtocolGuid
                0x00000003b12d87d0                gEfiPlatformDriverOverrideProtocolGuid
                0x00000003b12d87e0                gEfiHashProtocolGuid
                0x00000003b12d87f0                gEfiComponentName2ProtocolGuid
                0x00000003b12d8800                gEfiComponentNameProtocolGuid
                0x00000003b12d8810                gEfiDriverBindingProtocolGuid
                0x00000003b12d8820                gEfiPciRootBridgeIoProtocolGuid
                0x00000003b12d8830                gEfiPciIoProtocolGuid
                0x00000003b12d8840                gEFiUiInterfaceProtocolGuid
                0x00000003b12d8850                gEfiNetworkInterfaceIdentifierProtocolGuid
                0x00000003b12d8860                gEfiPxeBaseCodeCallbackProtocolGuid
                0x00000003b12d8870                gEfiPxeBaseCodeProtocolGuid
                0x00000003b12d8880                gEfiSimpleNetworkProtocolGuid
                0x00000003b12d8890                gEfiSerialIoProtocolGuid
                0x00000003b12d88a0                gEfiUnicodeCollationProtocolGuid
                0x00000003b12d88b0                gEfiDeviceIoProtocolGuid
                0x00000003b12d88c0                gEfiLoadFileProtocolGuid
                0x00000003b12d88d0                gEfiSimpleFileSystemProtocolGuid
                0x00000003b12d88e0                gEfiDiskIo2ProtocolGuid
                0x00000003b12d88f0                gEfiDiskIoProtocolGuid
                0x00000003b12d8900                gEfiBlockIo2ProtocolGuid
                0x00000003b12d8910                gEfiBlockIoProtocolGuid
                0x00000003b12d8920                gEfiSimpleTextOutProtocolGuid
                0x00000003b12d8930                gEfiSimpleTextInProtocolGuid
                0x00000003b12d8940                gEfiLoadedImageProtocolGuid
                0x00000003b12d8950                gEfiDevicePathUtilitiesProtocolGuid
                0x00000003b12d8960                gEfiDevicePathFromTextProtocolGuid
                0x00000003b12d8970                gEfiDevicePathToTextProtocolGuid
                0x00000003b12d8980                gEfiDevicePathProtocolGuid
                0x00000003b12d8990                gEfiGlobalVariableGuid
                0x00000003b12d89a0                EndInstanceDevicePath
                0x00000003b12d89a4                EndDevicePath
                0x00000003b12d89a8                RootDevicePath
                0x00000003b12d89b0                UnicodeInterface
                0x00000003b12d89c0                LibStubUnicodeInterface
                0x00000003b12d89f8                PoolAllocationType
 .data          0x00000003b12d8a00        0x0 C:/Users/victim/source/repos/Paranyok/UEFI/Backend/gnu-efi-3.0.18/lib/debug.o
 .data          0x00000003b12d8a00      0x1c0 C:/Users/victim/source/repos/Paranyok/UEFI/Backend/gnu-efi-3.0.18/lib/dpath.o
                0x00000003b12d8a00                DevPathTable
 .data          0x00000003b12d8bc0      0x2a0 C:/Users/victim/source/repos/Paranyok/UEFI/Backend/gnu-efi-3.0.18/lib/error.o
                0x00000003b12d8bc0                ErrorCodeTable
 .data          0x00000003b12d8e60        0x0 C:/Users/victim/source/repos/Paranyok/UEFI/Backend/gnu-efi-3.0.18/lib/event.o
 .data          0x00000003b12d8e60        0x0 C:/Users/victim/source/repos/Paranyok/UEFI/Backend/gnu-efi-3.0.18/lib/exit.o
 .data          0x00000003b12d8e60       0x50 C:/Users/victim/source/repos/Paranyok/UEFI/Backend/gnu-efi-3.0.18/lib/guid.o
 .data          0x00000003b12d8eb0        0x0 C:/Users/victim/source/repos/Paranyok/UEFI/Backend/gnu-efi-3.0.18/lib/hand.o
 .data          0x00000003b12d8eb0        0x0 C:/Users/victim/source/repos/Paranyok/UEFI/Backend/gnu-efi-3.0.18/lib/hw.o
 .data          0x00000003b12d8eb0        0x0 C:/Users/victim/source/repos/Paranyok/UEFI/Backend/gnu-efi-3.0.18/lib/init.o
 .data          0x00000003b12d8eb0        0x0 C:/Users/victim/source/repos/Paranyok/UEFI/Backend/gnu-efi-3.0.18/lib/lock.o
 .data          0x00000003b12d8eb0        0x0 C:/Users/victim/source/repos/Paranyok/UEFI/Backend/gnu-efi-3.0.18/lib/x86_64/callwrap.o
 .data          0x00000003b12d8eb0        0x0 C:/Users/victim/source/repos/Paranyok/UEFI/Backend/gnu-efi-3.0.18/lib/x86_64/efi_stub.o
 .data          0x00000003b12d8eb0        0x0 C:/Users/victim/source/repos/Paranyok/UEFI/Backend/gnu-efi-3.0.18/lib/x86_64/initplat.o
 .data          0x00000003b12d8eb0        0x0 C:/Users/victim/source/repos/Paranyok/UEFI/Backend/gnu-efi-3.0.18/lib/x86_64/math.o
 .data          0x00000003b12d8eb0        0x0 C:/Users/victim/source/repos/Paranyok/UEFI/Backend/gnu-efi-3.0.18/lib/x86_64/setjmp.o
 .data          0x00000003b12d8eb0        0x0 C:/Users/victim/source/repos/Paranyok/UEFI/Backend/gnu-efi-3.0.18/lib/runtime/efirtlib.o
 .data          0x00000003b12d8eb0       0x10 C:/Users/victim/source/repos/Paranyok/UEFI/Backend/gnu-efi-3.0.18/lib/runtime/rtdata.o
                0x00000003b12d8eb0                EFIDebug
 .data          0x00000003b12d8ec0        0x0 C:/Users/victim/source/repos/Paranyok/UEFI/Backend/gnu-efi-3.0.18/lib/runtime/rtlock.o
 .data          0x00000003b12d8ec0        0x0 C:/Users/victim/source/repos/Paranyok/UEFI/Backend/gnu-efi-3.0.18/lib/runtime/rtstr.o
 .data          0x00000003b12d8ec0        0x0 C:/Users/victim/source/repos/Paranyok/UEFI/Backend/gnu-efi-3.0.18/lib/runtime/vm.o
 .data          0x00000003b12d8ec0       0x10 C:/Users/victim/source/repos/Paranyok/UEFI/Backend/bootmgfw.o
 *(.data2)
 *(SORT_BY_NAME(.data$*))
 *(.jcr)
                0x00000003b12d8ed0                __data_end__ = .
 *(.data_cygwin_nocopy)

.rdata          0x00000003b12d9000     0x1e00
 *(.rdata)
 .rdata         0x00000003b12d9000       0x20 C:/Users/victim/source/repos/Paranyok/UEFI/Backend/gnu-efi-3.0.18/lib/misc.o
 .rdata         0x00000003b12d9020      0x230 C:/Users/victim/source/repos/Paranyok/UEFI/Backend/gnu-efi-3.0.18/lib/print.o
 .rdata         0x00000003b12d9250       0x10 C:/Users/victim/source/repos/Paranyok/UEFI/Backend/gnu-efi-3.0.18/lib/cmdline.o
 .rdata         0x00000003b12d9260       0x10 C:/Users/victim/source/repos/Paranyok/UEFI/Backend/gnu-efi-3.0.18/lib/console.o
 .rdata         0x00000003b12d9270       0x20 C:/Users/victim/source/repos/Paranyok/UEFI/Backend/gnu-efi-3.0.18/lib/debug.o
 .rdata         0x00000003b12d9290      0x640 C:/Users/victim/source/repos/Paranyok/UEFI/Backend/gnu-efi-3.0.18/lib/dpath.o
 .rdata         0x00000003b12d98d0      0x520 C:/Users/victim/source/repos/Paranyok/UEFI/Backend/gnu-efi-3.0.18/lib/error.o
 *fill*         0x00000003b12d9df0       0x10 
 .rdata         0x00000003b12d9e00      0x5c0 C:/Users/victim/source/repos/Paranyok/UEFI/Backend/gnu-efi-3.0.18/lib/guid.o
 .rdata         0x00000003b12da3c0       0x20 C:/Users/victim/source/repos/Paranyok/UEFI/Backend/gnu-efi-3.0.18/lib/init.o
 .rdata         0x00000003b12da3e0      0x170 C:/Users/victim/source/repos/Paranyok/UEFI/Backend/bootmgfw.o
 *(SORT_BY_NAME(.rdata$*))
 .rdata$.refptr.BS
                0x00000003b12da550       0x10 C:/Users/victim/source/repos/Paranyok/UEFI/Backend/gnu-efi-3.0.18/lib/misc.o
                0x00000003b12da550                .refptr.BS
 .rdata$.refptr.EFIDebug
                0x00000003b12da560       0x10 C:/Users/victim/source/repos/Paranyok/UEFI/Backend/gnu-efi-3.0.18/lib/print.o
                0x00000003b12da560                .refptr.EFIDebug
 .rdata$.refptr.EndDevicePath
                0x00000003b12da570       0x10 C:/Users/victim/source/repos/Paranyok/UEFI/Backend/gnu-efi-3.0.18/lib/dpath.o
                0x00000003b12da570                .refptr.EndDevicePath
 .rdata$.refptr.EndInstanceDevicePath
                0x00000003b12da580       0x10 C:/Users/victim/source/repos/Paranyok/UEFI/Backend/gnu-efi-3.0.18/lib/dpath.o
                0x00000003b12da580                .refptr.EndInstanceDevicePath
 .rdata$.refptr.LibFwInstance
                0x00000003b12da590       0x10 C:/Users/victim/source/repos/Paranyok/UEFI/Backend/gnu-efi-3.0.18/lib/init.o
                0x00000003b12da590                .refptr.LibFwInstance
 .rdata$.refptr.LibImageHandle
                0x00000003b12da5a0       0x10 C:/Users/victim/source/repos/Paranyok/UEFI/Backend/gnu-efi-3.0.18/lib/exit.o
                0x00000003b12da5a0                .refptr.LibImageHandle
 .rdata$.refptr.LibInitialized
                0x00000003b12da5b0       0x10 C:/Users/victim/source/repos/Paranyok/UEFI/Backend/gnu-efi-3.0.18/lib/init.o
                0x00000003b12da5b0                .refptr.LibInitialized
 .rdata$.refptr.LibRuntimeDebugOut
                0x00000003b12da5c0       0x10 C:/Users/victim/source/repos/Paranyok/UEFI/Backend/gnu-efi-3.0.18/lib/print.o
                0x00000003b12da5c0                .refptr.LibRuntimeDebugOut
 .rdata$.refptr.LibRuntimeRaiseTPL
                0x00000003b12da5d0       0x10 C:/Users/victim/source/repos/Paranyok/UEFI/Backend/gnu-efi-3.0.18/lib/runtime/rtlock.o
                0x00000003b12da5d0                .refptr.LibRuntimeRaiseTPL
 .rdata$.refptr.LibRuntimeRestoreTPL
                0x00000003b12da5e0       0x10 C:/Users/victim/source/repos/Paranyok/UEFI/Backend/gnu-efi-3.0.18/lib/runtime/rtlock.o
                0x00000003b12da5e0                .refptr.LibRuntimeRestoreTPL
 .rdata$.refptr.LibStubUnicodeInterface
                0x00000003b12da5f0       0x10 C:/Users/victim/source/repos/Paranyok/UEFI/Backend/gnu-efi-3.0.18/lib/str.o
                0x00000003b12da5f0                .refptr.LibStubUnicodeInterface
 .rdata$.refptr.PoolAllocationType
                0x00000003b12da600       0x10 C:/Users/victim/source/repos/Paranyok/UEFI/Backend/gnu-efi-3.0.18/lib/misc.o
                0x00000003b12da600                .refptr.PoolAllocationType
 .rdata$.refptr.RT
                0x00000003b12da610       0x10 C:/Users/victim/source/repos/Paranyok/UEFI/Backend/gnu-efi-3.0.18/lib/misc.o
                0x00000003b12da610                .refptr.RT
 .rdata$.refptr.SMBIOSTableGuid
                0x00000003b12da620       0x10 C:/Users/victim/source/repos/Paranyok/UEFI/Backend/gnu-efi-3.0.18/lib/smbios.o
                0x00000003b12da620                .refptr.SMBIOSTableGuid
 .rdata$.refptr.ST
                0x00000003b12da630       0x10 C:/Users/victim/source/repos/Paranyok/UEFI/Backend/gnu-efi-3.0.18/lib/misc.o
                0x00000003b12da630                .refptr.ST
 .rdata$.refptr.ShellParametersProtocolGuid
                0x00000003b12da640       0x10 C:/Users/victim/source/repos/Paranyok/UEFI/Backend/gnu-efi-3.0.18/lib/cmdline.o
                0x00000003b12da640                .refptr.ShellParametersProtocolGuid
 .rdata$.refptr.UnicodeInterface
                0x00000003b12da650       0x10 C:/Users/victim/source/repos/Paranyok/UEFI/Backend/gnu-efi-3.0.18/lib/str.o
                0x00000003b12da650                .refptr.UnicodeInterface
 .rdata$.refptr.UnknownDevice
                0x00000003b12da660       0x10 C:/Users/victim/source/repos/Paranyok/UEFI/Backend/gnu-efi-3.0.18/lib/dpath.o
                0x00000003b12da660                .refptr.UnknownDevice
 .rdata$.refptr.gEFiUiInterfaceProtocolGuid
                0x00000003b12da670       0x10 C:/Users/victim/source/repos/Paranyok/UEFI/Backend/gnu-efi-3.0.18/lib/misc.o
                0x00000003b12da670                .refptr.gEFiUiInterfaceProtocolGuid
 .rdata$.refptr.gEfiBlockIoProtocolGuid
                0x00000003b12da680       0x10 C:/Users/victim/source/repos/Paranyok/UEFI/Backend/gnu-efi-3.0.18/lib/hand.o
                0x00000003b12da680                .refptr.gEfiBlockIoProtocolGuid
 .rdata$.refptr.gEfiDeviceIoProtocolGuid
                0x00000003b12da690       0x10 C:/Users/victim/source/repos/Paranyok/UEFI/Backend/gnu-efi-3.0.18/lib/hw.o
                0x00000003b12da690                .refptr.gEfiDeviceIoProtocolGuid
 .rdata$.refptr.gEfiDevicePathProtocolGuid
                0x00000003b12da6a0       0x10 C:/Users/victim/source/repos/Paranyok/UEFI/Backend/gnu-efi-3.0.18/lib/dpath.o
                0x00000003b12da6a0                .refptr.gEfiDevicePathProtocolGuid
 .rdata$.refptr.gEfiFileInfoGuid
                0x00000003b12da6b0       0x10 C:/Users/victim/source/repos/Paranyok/UEFI/Backend/gnu-efi-3.0.18/lib/hand.o
                0x00000003b12da6b0                .refptr.gEfiFileInfoGuid
 .rdata$.refptr.gEfiFileSystemInfoGuid
                0x00000003b12da6c0       0x10 C:/Users/victim/source/repos/Paranyok/UEFI/Backend/gnu-efi-3.0.18/lib/hand.o
                0x00000003b12da6c0                .refptr.gEfiFileSystemInfoGuid
 .rdata$.refptr.gEfiFileSystemVolumeLabelInfoIdGuid
                0x00000003b12da6d0       0x10 C:/Users/victim/source/repos/Paranyok/UEFI/Backend/gnu-efi-3.0.18/lib/hand.o
                0x00000003b12da6d0                .refptr.gEfiFileSystemVolumeLabelInfoIdGuid
 .rdata$.refptr.gEfiGlobalVariableGuid
                0x00000003b12da6e0       0x10 C:/Users/victim/source/repos/Paranyok/UEFI/Backend/gnu-efi-3.0.18/lib/misc.o
                0x00000003b12da6e0                .refptr.gEfiGlobalVariableGuid
 .rdata$.refptr.gEfiLoadFileProtocolGuid
                0x00000003b12da6f0       0x10 C:/Users/victim/source/repos/Paranyok/UEFI/Backend/gnu-efi-3.0.18/lib/sread.o
                0x00000003b12da6f0                .refptr.gEfiLoadFileProtocolGuid
 .rdata$.refptr.gEfiLoadedImageProtocolGuid
                0x00000003b12da700       0x10 C:/Users/victim/source/repos/Paranyok/UEFI/Backend/gnu-efi-3.0.18/lib/cmdline.o
                0x00000003b12da700                .refptr.gEfiLoadedImageProtocolGuid
 .rdata$.refptr.gEfiSimpleFileSystemProtocolGuid
                0x00000003b12da710       0x10 C:/Users/victim/source/repos/Paranyok/UEFI/Backend/gnu-efi-3.0.18/lib/sread.o
                0x00000003b12da710                .refptr.gEfiSimpleFileSystemProtocolGuid
 .rdata$.refptr.gEfiUnicodeCollationProtocolGuid
                0x00000003b12da720       0x10 C:/Users/victim/source/repos/Paranyok/UEFI/Backend/gnu-efi-3.0.18/lib/init.o
                0x00000003b12da720                .refptr.gEfiUnicodeCollationProtocolGuid
 .rdata$zzz     0x00000003b12da730       0x30 C:/Users/victim/source/repos/Paranyok/UEFI/Backend/gnu-efi-3.0.18/lib/misc.o
 .rdata$zzz     0x00000003b12da760       0x30 C:/Users/victim/source/repos/Paranyok/UEFI/Backend/gnu-efi-3.0.18/lib/print.o
 .rdata$zzz     0x00000003b12da790       0x30 C:/Users/victim/source/repos/Paranyok/UEFI/Backend/gnu-efi-3.0.18/lib/smbios.o
 .rdata$zzz     0x00000003b12da7c0       0x30 C:/Users/victim/source/repos/Paranyok/UEFI/Backend/gnu-efi-3.0.18/lib/sread.o
 .rdata$zzz     0x00000003b12da7f0       0x30 C:/Users/victim/source/repos/Paranyok/UEFI/Backend/gnu-efi-3.0.18/lib/str.o
 .rdata$zzz     0x00000003b12da820       0x30 C:/Users/victim/source/repos/Paranyok/UEFI/Backend/gnu-efi-3.0.18/lib/boxdraw.o
 .rdata$zzz     0x00000003b12da850       0x30 C:/Users/victim/source/repos/Paranyok/UEFI/Backend/gnu-efi-3.0.18/lib/cmdline.o
 .rdata$zzz     0x00000003b12da880       0x30 C:/Users/victim/source/repos/Paranyok/UEFI/Backend/gnu-efi-3.0.18/lib/console.o
 .rdata$zzz     0x00000003b12da8b0       0x30 C:/Users/victim/source/repos/Paranyok/UEFI/Backend/gnu-efi-3.0.18/lib/crc.o
 .rdata$zzz     0x00000003b12da8e0       0x30 C:/Users/victim/source/repos/Paranyok/UEFI/Backend/gnu-efi-3.0.18/lib/data.o
 .rdata$zzz     0x00000003b12da910       0x30 C:/Users/victim/source/repos/Paranyok/UEFI/Backend/gnu-efi-3.0.18/lib/debug.o
 .rdata$zzz     0x00000003b12da940       0x30 C:/Users/victim/source/repos/Paranyok/UEFI/Backend/gnu-efi-3.0.18/lib/dpath.o
 .rdata$zzz     0x00000003b12da970       0x30 C:/Users/victim/source/repos/Paranyok/UEFI/Backend/gnu-efi-3.0.18/lib/error.o
 .rdata$zzz     0x00000003b12da9a0       0x30 C:/Users/victim/source/repos/Paranyok/UEFI/Backend/gnu-efi-3.0.18/lib/event.o
 .rdata$zzz     0x00000003b12da9d0       0x30 C:/Users/victim/source/repos/Paranyok/UEFI/Backend/gnu-efi-3.0.18/lib/exit.o
 .rdata$zzz     0x00000003b12daa00       0x30 C:/Users/victim/source/repos/Paranyok/UEFI/Backend/gnu-efi-3.0.18/lib/guid.o
 .rdata$zzz     0x00000003b12daa30       0x30 C:/Users/victim/source/repos/Paranyok/UEFI/Backend/gnu-efi-3.0.18/lib/hand.o
 .rdata$zzz     0x00000003b12daa60       0x30 C:/Users/victim/source/repos/Paranyok/UEFI/Backend/gnu-efi-3.0.18/lib/hw.o
 .rdata$zzz     0x00000003b12daa90       0x30 C:/Users/victim/source/repos/Paranyok/UEFI/Backend/gnu-efi-3.0.18/lib/init.o
 .rdata$zzz     0x00000003b12daac0       0x30 C:/Users/victim/source/repos/Paranyok/UEFI/Backend/gnu-efi-3.0.18/lib/lock.o
 .rdata$zzz     0x00000003b12daaf0       0x30 C:/Users/victim/source/repos/Paranyok/UEFI/Backend/gnu-efi-3.0.18/lib/x86_64/callwrap.o
 .rdata$zzz     0x00000003b12dab20       0x30 C:/Users/victim/source/repos/Paranyok/UEFI/Backend/gnu-efi-3.0.18/lib/x86_64/initplat.o
 .rdata$zzz     0x00000003b12dab50       0x30 C:/Users/victim/source/repos/Paranyok/UEFI/Backend/gnu-efi-3.0.18/lib/x86_64/math.o
 .rdata$zzz     0x00000003b12dab80       0x30 C:/Users/victim/source/repos/Paranyok/UEFI/Backend/gnu-efi-3.0.18/lib/runtime/efirtlib.o
 .rdata$zzz     0x00000003b12dabb0       0x30 C:/Users/victim/source/repos/Paranyok/UEFI/Backend/gnu-efi-3.0.18/lib/runtime/rtdata.o
 .rdata$zzz     0x00000003b12dabe0       0x30 C:/Users/victim/source/repos/Paranyok/UEFI/Backend/gnu-efi-3.0.18/lib/runtime/rtlock.o
 .rdata$zzz     0x00000003b12dac10       0x30 C:/Users/victim/source/repos/Paranyok/UEFI/Backend/gnu-efi-3.0.18/lib/runtime/rtstr.o
 .rdata$zzz     0x00000003b12dac40       0x30 C:/Users/victim/source/repos/Paranyok/UEFI/Backend/gnu-efi-3.0.18/lib/runtime/vm.o
 .rdata$zzz     0x00000003b12dac70       0x30 C:/Users/victim/source/repos/Paranyok/UEFI/Backend/bootmgfw.o
                0x00000003b12daca0                . = ALIGN (0x4)
                0x00000003b12daca0                __rt_psrelocs_start = .
 *(.rdata_runtime_pseudo_reloc)
                0x00000003b12daca0                __rt_psrelocs_end = .
                0x0000000000000000                __rt_psrelocs_size = (__rt_psrelocs_end - __rt_psrelocs_start)
                0x00000003b12daca0                ___RUNTIME_PSEUDO_RELOC_LIST_END__ = .
                0x00000003b12daca0                __RUNTIME_PSEUDO_RELOC_LIST_END__ = .
                0x00000003b12daca0                ___RUNTIME_PSEUDO_RELOC_LIST__ = (. - __rt_psrelocs_size)
                0x00000003b12daca0                __RUNTIME_PSEUDO_RELOC_LIST__ = (. - __rt_psrelocs_size)

.eh_frame
 *(.eh_frame*)

.pdata          0x00000003b12db000      0xc00
 *(.pdata*)
 .pdata         0x00000003b12db000       0xfc C:/Users/victim/source/repos/Paranyok/UEFI/Backend/gnu-efi-3.0.18/lib/misc.o
 .pdata         0x00000003b12db0fc      0x168 C:/Users/victim/source/repos/Paranyok/UEFI/Backend/gnu-efi-3.0.18/lib/print.o
 .pdata         0x00000003b12db264       0x18 C:/Users/victim/source/repos/Paranyok/UEFI/Backend/gnu-efi-3.0.18/lib/smbios.o
 .pdata         0x00000003b12db27c       0x24 C:/Users/victim/source/repos/Paranyok/UEFI/Backend/gnu-efi-3.0.18/lib/sread.o
 .pdata         0x00000003b12db2a0      0x12c C:/Users/victim/source/repos/Paranyok/UEFI/Backend/gnu-efi-3.0.18/lib/str.o
 .pdata         0x00000003b12db3cc       0x24 C:/Users/victim/source/repos/Paranyok/UEFI/Backend/gnu-efi-3.0.18/lib/boxdraw.o
 .pdata         0x00000003b12db3f0       0x18 C:/Users/victim/source/repos/Paranyok/UEFI/Backend/gnu-efi-3.0.18/lib/cmdline.o
 .pdata         0x00000003b12db408       0x24 C:/Users/victim/source/repos/Paranyok/UEFI/Backend/gnu-efi-3.0.18/lib/console.o
 .pdata         0x00000003b12db42c       0x3c C:/Users/victim/source/repos/Paranyok/UEFI/Backend/gnu-efi-3.0.18/lib/crc.o
 .pdata         0x00000003b12db468        0xc C:/Users/victim/source/repos/Paranyok/UEFI/Backend/gnu-efi-3.0.18/lib/debug.o
 .pdata         0x00000003b12db474      0x210 C:/Users/victim/source/repos/Paranyok/UEFI/Backend/gnu-efi-3.0.18/lib/dpath.o
 .pdata         0x00000003b12db684        0xc C:/Users/victim/source/repos/Paranyok/UEFI/Backend/gnu-efi-3.0.18/lib/error.o
 .pdata         0x00000003b12db690       0x24 C:/Users/victim/source/repos/Paranyok/UEFI/Backend/gnu-efi-3.0.18/lib/event.o
 .pdata         0x00000003b12db6b4        0xc C:/Users/victim/source/repos/Paranyok/UEFI/Backend/gnu-efi-3.0.18/lib/exit.o
 .pdata         0x00000003b12db6c0       0x24 C:/Users/victim/source/repos/Paranyok/UEFI/Backend/gnu-efi-3.0.18/lib/guid.o
 .pdata         0x00000003b12db6e4       0x78 C:/Users/victim/source/repos/Paranyok/UEFI/Backend/gnu-efi-3.0.18/lib/hand.o
 .pdata         0x00000003b12db75c       0x3c C:/Users/victim/source/repos/Paranyok/UEFI/Backend/gnu-efi-3.0.18/lib/hw.o
 .pdata         0x00000003b12db798       0x3c C:/Users/victim/source/repos/Paranyok/UEFI/Backend/gnu-efi-3.0.18/lib/init.o
 .pdata         0x00000003b12db7d4       0x24 C:/Users/victim/source/repos/Paranyok/UEFI/Backend/gnu-efi-3.0.18/lib/lock.o
 .pdata         0x00000003b12db7f8        0xc C:/Users/victim/source/repos/Paranyok/UEFI/Backend/gnu-efi-3.0.18/lib/x86_64/initplat.o
 .pdata         0x00000003b12db804       0x30 C:/Users/victim/source/repos/Paranyok/UEFI/Backend/gnu-efi-3.0.18/lib/x86_64/math.o
 .pdata         0x00000003b12db834       0x3c C:/Users/victim/source/repos/Paranyok/UEFI/Backend/gnu-efi-3.0.18/lib/runtime/efirtlib.o
 .pdata         0x00000003b12db870       0x18 C:/Users/victim/source/repos/Paranyok/UEFI/Backend/gnu-efi-3.0.18/lib/runtime/rtlock.o
 .pdata         0x00000003b12db888       0x90 C:/Users/victim/source/repos/Paranyok/UEFI/Backend/gnu-efi-3.0.18/lib/runtime/rtstr.o
 .pdata         0x00000003b12db918       0x18 C:/Users/victim/source/repos/Paranyok/UEFI/Backend/gnu-efi-3.0.18/lib/runtime/vm.o
 .pdata         0x00000003b12db930       0xf0 C:/Users/victim/source/repos/Paranyok/UEFI/Backend/bootmgfw.o

.xdata          0x00000003b12dc000      0xa00
 *(.xdata*)
 .xdata         0x00000003b12dc000       0xe0 C:/Users/victim/source/repos/Paranyok/UEFI/Backend/gnu-efi-3.0.18/lib/misc.o
 .xdata         0x00000003b12dc0e0      0x150 C:/Users/victim/source/repos/Paranyok/UEFI/Backend/gnu-efi-3.0.18/lib/print.o
 .xdata         0x00000003b12dc230       0x14 C:/Users/victim/source/repos/Paranyok/UEFI/Backend/gnu-efi-3.0.18/lib/smbios.o
 .xdata         0x00000003b12dc244       0x2c C:/Users/victim/source/repos/Paranyok/UEFI/Backend/gnu-efi-3.0.18/lib/sread.o
 .xdata         0x00000003b12dc270       0xb4 C:/Users/victim/source/repos/Paranyok/UEFI/Backend/gnu-efi-3.0.18/lib/str.o
 .xdata         0x00000003b12dc324        0xc C:/Users/victim/source/repos/Paranyok/UEFI/Backend/gnu-efi-3.0.18/lib/boxdraw.o
 .xdata         0x00000003b12dc330       0x18 C:/Users/victim/source/repos/Paranyok/UEFI/Backend/gnu-efi-3.0.18/lib/cmdline.o
 .xdata         0x00000003b12dc348       0x20 C:/Users/victim/source/repos/Paranyok/UEFI/Backend/gnu-efi-3.0.18/lib/console.o
 .xdata         0x00000003b12dc368       0x28 C:/Users/victim/source/repos/Paranyok/UEFI/Backend/gnu-efi-3.0.18/lib/crc.o
 .xdata         0x00000003b12dc390        0x8 C:/Users/victim/source/repos/Paranyok/UEFI/Backend/gnu-efi-3.0.18/lib/debug.o
 .xdata         0x00000003b12dc398      0x1d4 C:/Users/victim/source/repos/Paranyok/UEFI/Backend/gnu-efi-3.0.18/lib/dpath.o
 .xdata         0x00000003b12dc56c        0x8 C:/Users/victim/source/repos/Paranyok/UEFI/Backend/gnu-efi-3.0.18/lib/error.o
 .xdata         0x00000003b12dc574       0x28 C:/Users/victim/source/repos/Paranyok/UEFI/Backend/gnu-efi-3.0.18/lib/event.o
 .xdata         0x00000003b12dc59c        0x8 C:/Users/victim/source/repos/Paranyok/UEFI/Backend/gnu-efi-3.0.18/lib/exit.o
 .xdata         0x00000003b12dc5a4       0x18 C:/Users/victim/source/repos/Paranyok/UEFI/Backend/gnu-efi-3.0.18/lib/guid.o
 .xdata         0x00000003b12dc5bc       0x80 C:/Users/victim/source/repos/Paranyok/UEFI/Backend/gnu-efi-3.0.18/lib/hand.o
 .xdata         0x00000003b12dc63c       0x28 C:/Users/victim/source/repos/Paranyok/UEFI/Backend/gnu-efi-3.0.18/lib/hw.o
 .xdata         0x00000003b12dc664       0x2c C:/Users/victim/source/repos/Paranyok/UEFI/Backend/gnu-efi-3.0.18/lib/init.o
 .xdata         0x00000003b12dc690       0x14 C:/Users/victim/source/repos/Paranyok/UEFI/Backend/gnu-efi-3.0.18/lib/lock.o
 .xdata         0x00000003b12dc6a4        0x4 C:/Users/victim/source/repos/Paranyok/UEFI/Backend/gnu-efi-3.0.18/lib/x86_64/initplat.o
 .xdata         0x00000003b12dc6a8       0x10 C:/Users/victim/source/repos/Paranyok/UEFI/Backend/gnu-efi-3.0.18/lib/x86_64/math.o
 .xdata         0x00000003b12dc6b8       0x14 C:/Users/victim/source/repos/Paranyok/UEFI/Backend/gnu-efi-3.0.18/lib/runtime/efirtlib.o
 .xdata         0x00000003b12dc6cc       0x10 C:/Users/victim/source/repos/Paranyok/UEFI/Backend/gnu-efi-3.0.18/lib/runtime/rtlock.o
 .xdata         0x00000003b12dc6dc       0x5c C:/Users/victim/source/repos/Paranyok/UEFI/Backend/gnu-efi-3.0.18/lib/runtime/rtstr.o
 .xdata         0x00000003b12dc738       0x18 C:/Users/victim/source/repos/Paranyok/UEFI/Backend/gnu-efi-3.0.18/lib/runtime/vm.o
 .xdata         0x00000003b12dc750      0x144 C:/Users/victim/source/repos/Paranyok/UEFI/Backend/bootmgfw.o

.bss            0x00000003b12dd000      0x990
                0x00000003b12dd000                __bss_start__ = .
 *(.bss)
 .bss           0x00000003b12dd000        0x0 C:/Users/victim/source/repos/Paranyok/UEFI/Backend/gnu-efi-3.0.18/lib/misc.o
 .bss           0x00000003b12dd000        0x0 C:/Users/victim/source/repos/Paranyok/UEFI/Backend/gnu-efi-3.0.18/lib/print.o
 .bss           0x00000003b12dd000        0x0 C:/Users/victim/source/repos/Paranyok/UEFI/Backend/gnu-efi-3.0.18/lib/smbios.o
 .bss           0x00000003b12dd000        0x0 C:/Users/victim/source/repos/Paranyok/UEFI/Backend/gnu-efi-3.0.18/lib/sread.o
 .bss           0x00000003b12dd000        0x0 C:/Users/victim/source/repos/Paranyok/UEFI/Backend/gnu-efi-3.0.18/lib/str.o
 .bss           0x00000003b12dd000        0x0 C:/Users/victim/source/repos/Paranyok/UEFI/Backend/gnu-efi-3.0.18/lib/boxdraw.o
 .bss           0x00000003b12dd000      0x920 C:/Users/victim/source/repos/Paranyok/UEFI/Backend/gnu-efi-3.0.18/lib/cmdline.o
 .bss           0x00000003b12dd920        0x0 C:/Users/victim/source/repos/Paranyok/UEFI/Backend/gnu-efi-3.0.18/lib/console.o
 .bss           0x00000003b12dd920        0x0 C:/Users/victim/source/repos/Paranyok/UEFI/Backend/gnu-efi-3.0.18/lib/crc.o
 .bss           0x00000003b12dd920       0x30 C:/Users/victim/source/repos/Paranyok/UEFI/Backend/gnu-efi-3.0.18/lib/data.o
                0x00000003b12dd920                NullGuid
                0x00000003b12dd930                BS
                0x00000003b12dd938                ST
                0x00000003b12dd940                LibImageHandle
                0x00000003b12dd948                LibInitialized
 .bss           0x00000003b12dd950        0x0 C:/Users/victim/source/repos/Paranyok/UEFI/Backend/gnu-efi-3.0.18/lib/debug.o
 .bss           0x00000003b12dd950        0x0 C:/Users/victim/source/repos/Paranyok/UEFI/Backend/gnu-efi-3.0.18/lib/dpath.o
 .bss           0x00000003b12dd950        0x0 C:/Users/victim/source/repos/Paranyok/UEFI/Backend/gnu-efi-3.0.18/lib/error.o
 .bss           0x00000003b12dd950        0x0 C:/Users/victim/source/repos/Paranyok/UEFI/Backend/gnu-efi-3.0.18/lib/event.o
 .bss           0x00000003b12dd950        0x0 C:/Users/victim/source/repos/Paranyok/UEFI/Backend/gnu-efi-3.0.18/lib/exit.o
 .bss           0x00000003b12dd950       0x10 C:/Users/victim/source/repos/Paranyok/UEFI/Backend/gnu-efi-3.0.18/lib/guid.o
                0x00000003b12dd950                GuidList
 .bss           0x00000003b12dd960        0x0 C:/Users/victim/source/repos/Paranyok/UEFI/Backend/gnu-efi-3.0.18/lib/hand.o
 .bss           0x00000003b12dd960        0x0 C:/Users/victim/source/repos/Paranyok/UEFI/Backend/gnu-efi-3.0.18/lib/hw.o
 .bss           0x00000003b12dd960        0x0 C:/Users/victim/source/repos/Paranyok/UEFI/Backend/gnu-efi-3.0.18/lib/init.o
 .bss           0x00000003b12dd960        0x0 C:/Users/victim/source/repos/Paranyok/UEFI/Backend/gnu-efi-3.0.18/lib/lock.o
 .bss           0x00000003b12dd960        0x0 C:/Users/victim/source/repos/Paranyok/UEFI/Backend/gnu-efi-3.0.18/lib/x86_64/callwrap.o
 .bss           0x00000003b12dd960        0x0 C:/Users/victim/source/repos/Paranyok/UEFI/Backend/gnu-efi-3.0.18/lib/x86_64/efi_stub.o
 .bss           0x00000003b12dd960        0x0 C:/Users/victim/source/repos/Paranyok/UEFI/Backend/gnu-efi-3.0.18/lib/x86_64/initplat.o
 .bss           0x00000003b12dd960        0x0 C:/Users/victim/source/repos/Paranyok/UEFI/Backend/gnu-efi-3.0.18/lib/x86_64/math.o
 .bss           0x00000003b12dd960        0x0 C:/Users/victim/source/repos/Paranyok/UEFI/Backend/gnu-efi-3.0.18/lib/x86_64/setjmp.o
 .bss           0x00000003b12dd960        0x0 C:/Users/victim/source/repos/Paranyok/UEFI/Backend/gnu-efi-3.0.18/lib/runtime/efirtlib.o
 .bss           0x00000003b12dd960       0x30 C:/Users/victim/source/repos/Paranyok/UEFI/Backend/gnu-efi-3.0.18/lib/runtime/rtdata.o
                0x00000003b12dd960                LibRuntimeRestoreTPL
                0x00000003b12dd968                LibRuntimeRaiseTPL
                0x00000003b12dd970                LibRuntimeDebugOut
                0x00000003b12dd978                LibFwInstance
                0x00000003b12dd980                RT
 .bss           0x00000003b12dd990        0x0 C:/Users/victim/source/repos/Paranyok/UEFI/Backend/gnu-efi-3.0.18/lib/runtime/rtlock.o
 .bss           0x00000003b12dd990        0x0 C:/Users/victim/source/repos/Paranyok/UEFI/Backend/gnu-efi-3.0.18/lib/runtime/rtstr.o
 .bss           0x00000003b12dd990        0x0 C:/Users/victim/source/repos/Paranyok/UEFI/Backend/gnu-efi-3.0.18/lib/runtime/vm.o
 .bss           0x00000003b12dd990        0x0 C:/Users/victim/source/repos/Paranyok/UEFI/Backend/bootmgfw.o
 *(COMMON)
                0x00000003b12dd990                __bss_end__ = .

.edata          0x00000003b12de000     0x2000
 *(.edata)
 .edata         0x00000003b12de000     0x1e90 dll stuff

/DISCARD/
 *(.debug$S)
 *(.debug$T)
 *(.debug$F)
 *(.drectve)
 *(.note.GNU-stack)
 *(.gnu.lto_*)

.idata          0x00000003b12e0000      0x200
 SORT_BY_NAME(*)(.idata$2)
 SORT_BY_NAME(*)(.idata$3)
                0x00000003b12e0000        0x4 LONG 0x0
                0x00000003b12e0004        0x4 LONG 0x0
                0x00000003b12e0008        0x4 LONG 0x0
                0x00000003b12e000c        0x4 LONG 0x0
                0x00000003b12e0010        0x4 LONG 0x0
                0x00000003b12e0018                . = ALIGN (0x8)
 *fill*         0x00000003b12e0014        0x4 
 SORT_BY_NAME(*)(.idata$4)
                0x00000003b12e0018                __IAT_start__ = .
 SORT_BY_NAME(*)(.idata$5)
                0x00000003b12e0018                __IAT_end__ = .
 SORT_BY_NAME(*)(.idata$6)
 SORT_BY_NAME(*)(.idata$7)

.CRT            0x00000003b12e1000        0x0
                0x00000003b12e1000                ___crt_xc_start__ = .
 *(SORT_BY_NAME(.CRT$XC*))
                0x00000003b12e1000                ___crt_xc_end__ = .
                0x00000003b12e1000                ___crt_xi_start__ = .
 *(SORT_BY_NAME(.CRT$XI*))
                0x00000003b12e1000                ___crt_xi_end__ = .
                0x00000003b12e1000                ___crt_xl_start__ = .
 *(SORT_BY_NAME(.CRT$XL*))
                0x00000003b12e1000                ___crt_xp_start__ = .
 *(SORT_BY_NAME(.CRT$XP*))
                0x00000003b12e1000                ___crt_xp_end__ = .
                0x00000003b12e1000                ___crt_xt_start__ = .
 *(SORT_BY_NAME(.CRT$XT*))
                0x00000003b12e1000                ___crt_xt_end__ = .

.tls            0x00000003b12e1000        0x0
                0x00000003b12e1000                ___tls_start__ = .
 *(.tls$AAA)
 *(.tls)
 *(.tls$)
 *(SORT_BY_NAME(.tls$*))
 *(.tls$ZZZ)
                0x00000003b12e1000                ___tls_end__ = .

.endjunk        0x00000003b12e1000        0x0
                [!provide]                        PROVIDE (end = .)
                [!provide]                        PROVIDE (_end = .)
                0x00000003b12e1000                __end__ = .

.rsrc
 *(.rsrc)
 *(.rsrc$*)

.reloc          0x00000003b12e1000      0x200
 *(.reloc)
 .reloc         0x00000003b12e1000      0x18c dll stuff

.stab
 *(.stab)

.stabstr
 *(.stabstr)

.debug_aranges
 *(.debug_aranges)

.zdebug_aranges
 *(.zdebug_aranges)

.debug_pubnames
 *(.debug_pubnames)

.zdebug_pubnames
 *(.zdebug_pubnames)

.debug_info
 *(.debug_info .gnu.linkonce.wi.*)

.zdebug_info
 *(.zdebug_info .zdebug.gnu.linkonce.wi.*)

.debug_abbrev
 *(.debug_abbrev)

.zdebug_abbrev
 *(.zdebug_abbrev)

.debug_line
 *(.debug_line)

.zdebug_line
 *(.zdebug_line)

.debug_frame
 *(.debug_frame*)

.zdebug_frame
 *(.zdebug_frame*)

.debug_str
 *(.debug_str)

.zdebug_str
 *(.zdebug_str)

.debug_loc
 *(.debug_loc)

.zdebug_loc
 *(.zdebug_loc)

.debug_macinfo
 *(.debug_macinfo)

.zdebug_macinfo
 *(.zdebug_macinfo)

.debug_weaknames
 *(.debug_weaknames)

.zdebug_weaknames
 *(.zdebug_weaknames)

.debug_funcnames
 *(.debug_funcnames)

.zdebug_funcnames
 *(.zdebug_funcnames)

.debug_typenames
 *(.debug_typenames)

.zdebug_typenames
 *(.zdebug_typenames)

.debug_varnames
 *(.debug_varnames)

.zdebug_varnames
 *(.zdebug_varnames)

.debug_pubtypes
 *(.debug_pubtypes)

.zdebug_pubtypes
 *(.zdebug_pubtypes)

.debug_ranges
 *(.debug_ranges)

.zdebug_ranges
 *(.zdebug_ranges)

.debug_types
 *(.debug_types .gnu.linkonce.wt.*)

.zdebug_types
 *(.zdebug_types .gnu.linkonce.wt.*)

.debug_addr
 *(.debug_addr)

.zdebug_addr
 *(.zdebug_addr)

.debug_line_str
 *(.debug_line_str)

.zdebug_line_str
 *(.zdebug_line_str)

.debug_loclists
 *(.debug_loclists)

.zdebug_loclists
 *(.zdebug_loclists)

.debug_macro
 *(.debug_macro)

.zdebug_macro
 *(.zdebug_macro)

.debug_names
 *(.debug_names)

.zdebug_names
 *(.zdebug_names)

.debug_rnglists
 *(.debug_rnglists)

.zdebug_rnglists
 *(.zdebug_rnglists)

.debug_str_offsets
 *(.debug_str_offsets)

.zdebug_str_offsets
 *(.zdebug_str_offsets)

.debug_sup
 *(.debug_sup)

.debug_gdb_scripts
 *(.debug_gdb_scripts)

.zdebug_gdb_scripts
 *(.zdebug_gdb_scripts)
OUTPUT(bootmgfw.efi pei-x86-64)
LOAD dll stuff
